<html>
<body>
<pre>
<h1>µVision Build Log</h1>
<h2>Tool Versions:</h2>
IDE-Version: µVision V5.30.0.0
Copyright (C) 2020 ARM Ltd and ARM Germany GmbH. All rights reserved.
License Information: James Fan nxf55062 NXP Flex license: MDK Professional 5.30 (Flex): 10 user(s) (mdk_pro) Operation stops: 15 Jan 2022
 
Tool Versions:
Toolchain:       MDK Professional 5.30 (Flex): 10 user(s)  Version: 5.30.0.0
Toolchain Path:  C:\Keil_v5\ARM\ARMCC\Bin
C Compiler:      Armcc.exe V5.06 update 6 (build 750)
Assembler:       Armasm.exe V5.06 update 6 (build 750)
Linker/Locator:  ArmLink.exe V5.06 update 6 (build 750)
Library Manager: ArmAr.exe V5.06 update 6 (build 750)
Hex Converter:   FromElf.exe V5.06 update 6 (build 750)
CPU DLL:         SARMCM3.DLL V5.30.0.0
Dialog DLL:      DCM.DLL V1.17.3.0
Target DLL:      Segger\JL2CM3.dll V2.99.38.0
Dialog DLL:      TCM.DLL V1.42.0.0
 
<h2>Project:</h2>
C:\Users\nxf55062\Documents\Tools\imxrt-tool-flash-algo\boards\nxp_evkmimxrt1010_rev.c\flash_algo\Keil_JLink_ROM_API_Simplify\MIMXRT1011_QSPI.uvprojx
Project File Date:  01/04/2021

<h2>Output:</h2>
*** Using Compiler 'V5.06 update 6 (build 750)', folder: 'C:\Keil_v5\ARM\ARMCC\Bin'
Rebuild target 'RT1011'
compiling FlashDev_at25sf128a.c...
compiling FlashPrg_at25sf128a.c...
compiling microseconds_pit.c...
compiling bl_flexspi.c...
compiling bl_clock_config_MIMXRT1011.c...
compiling hardware_init_MIMXRT1011.c...
compiling flexspi_nor_flash_MIMXRT1011.c...
compiling fsl_clock.c...
linking...
Program Size: Code=17884 RO-data=4452 RW-data=544 ZI-data=0  
After Build - User command #1: cmd.exe /C copy "Output\MIMXRT1011_QSPI.axf" "MIMXRT1011_QuadSPI_4KB_SEC.FLM"
        1 file(s) copied.
After Build - User command #2: fromelf --bincombined -o "C:\Users\nxf55062\Documents\Tools\imxrt-tool-flash-algo\boards\nxp_evkmimxrt1010_rev.c\flash_algo\Keil_JLink_ROM_API_Simplify\Output\MIMXRT1011_QSPI.bin" "C:\Users\nxf55062\Documents\Tools\imxrt-tool-flash-algo\boards\nxp_evkmimxrt1010_rev.c\flash_algo\Keil_JLink_ROM_API_Simplify\Output\MIMXRT1011_QSPI.axf"
".\Output\MIMXRT1011_QSPI.axf" - 0 Error(s), 0 Warning(s).

<h2>Software Packages used:</h2>

Package Vendor: ARM
                http://www.keil.com/pack/ARM.CMSIS.5.7.0.pack
                ARM.CMSIS.5.7.0
                CMSIS (Cortex Microcontroller Software Interface Standard)
   * Component: CORE Version: 5.4.0

Package Vendor: NXP
                http://mcuxpresso.nxp.com/cmsis_pack/repo/NXP.MIMXRT1011_DFP.1.0.0.pack
                NXP.MIMXRT1011_DFP.1.0.0
                Device Family Pack for MIMXRT1011

<h2>Collection of Component include folders:</h2>
  .\RTE\_RT1011
  C:\Users\nxf55062\AppData\Local\Arm\Packs\ARM\CMSIS\5.7.0\CMSIS\Core\Include
  C:\Users\nxf55062\AppData\Local\Arm\Packs\NXP\MIMXRT1011_DFP\1.0.0

<h2>Collection of Component Files used:</h2>

   * Component: ARM::CMSIS:CORE:5.4.0
Build Time Elapsed:  00:00:14
</pre>
</body>
</html>
