Component: ARM Compiler 5.06 update 6 (build 750) Tool: armlink [4d35ed]

==============================================================================

Image Symbol Table

    Local Symbols

    Symbol Name                              Value     Ov Type        Size  Object(Section)

    .rev16_text                              0x00000000   Section        4  flashprg_at25sf128a.o(.rev16_text)
    $v0                                      0x00000000   Number         0  flashprg_at25sf128a.o(.rev16_text)
    ../clib/angel/rt.s                       0x00000000   Number         0  rt_div0.o ABSOLUTE
    ../clib/angel/rt.s                       0x00000000   Number         0  aeabi_ldiv0_sigfpe.o ABSOLUTE
    ../clib/angel/rt.s                       0x00000000   Number         0  aeabi_ldiv0.o ABSOLUTE
    ../clib/angel/rt.s                       0x00000000   Number         0  rt_raise.o ABSOLUTE
    ../clib/angel/sys.s                      0x00000000   Number         0  use_no_semi.o ABSOLUTE
    ../clib/angel/sys.s                      0x00000000   Number         0  indicate_semi.o ABSOLUTE
    ../clib/angel/sysapp.c                   0x00000000   Number         0  sys_exit.o ABSOLUTE
    ../clib/angel/sysapp.c                   0x00000000   Number         0  sys_wrch.o ABSOLUTE
    ../clib/assert.c                         0x00000000   Number         0  assert_puts.o ABSOLUTE
    ../clib/assert.c                         0x00000000   Number         0  assert.o ABSOLUTE
    ../clib/longlong.s                       0x00000000   Number         0  lludivv7m.o ABSOLUTE
    ../clib/memcpset.s                       0x00000000   Number         0  rt_memclr_w.o ABSOLUTE
    ../clib/memcpset.s                       0x00000000   Number         0  rt_memcpy_w.o ABSOLUTE
    ../clib/signal.c                         0x00000000   Number         0  defsig_pvfn_inner.o ABSOLUTE
    ../clib/signal.c                         0x00000000   Number         0  defsig_stak_inner.o ABSOLUTE
    ../clib/signal.c                         0x00000000   Number         0  defsig_rtmem_inner.o ABSOLUTE
    ../clib/signal.c                         0x00000000   Number         0  defsig_rtred_inner.o ABSOLUTE
    ../clib/signal.c                         0x00000000   Number         0  defsig_other.o ABSOLUTE
    ../clib/signal.c                         0x00000000   Number         0  defsig_fpe_inner.o ABSOLUTE
    ../clib/signal.c                         0x00000000   Number         0  defsig_general.o ABSOLUTE
    ../clib/signal.c                         0x00000000   Number         0  __raise.o ABSOLUTE
    ../clib/signal.c                         0x00000000   Number         0  defsig_fpe_formal.o ABSOLUTE
    ../clib/signal.c                         0x00000000   Number         0  defsig_fpe_outer.o ABSOLUTE
    ../clib/signal.c                         0x00000000   Number         0  defsig_abrt_inner.o ABSOLUTE
    ../clib/signal.c                         0x00000000   Number         0  defsig_exit.o ABSOLUTE
    ../clib/signal.c                         0x00000000   Number         0  defsig_abrt_formal.o ABSOLUTE
    ../clib/signal.c                         0x00000000   Number         0  defsig_abrt_outer.o ABSOLUTE
    ../clib/signal.c                         0x00000000   Number         0  defsig_segv_inner.o ABSOLUTE
    ../clib/signal.c                         0x00000000   Number         0  defsig_cppl_inner.o ABSOLUTE
    ../clib/signal.s                         0x00000000   Number         0  defsig.o ABSOLUTE
    ../clib/stdlib.c                         0x00000000   Number         0  abort.o ABSOLUTE
    ../clib/string.c                         0x00000000   Number         0  memcmp.o ABSOLUTE
    FlashDev_at25sf128a.c                    0x00000000   Number         0  flashdev_at25sf128a.o ABSOLUTE
    FlashPrg_at25sf128a.c                    0x00000000   Number         0  flashprg_at25sf128a.o ABSOLUTE
    FlashPrg_at25sf128a.c                    0x00000000   Number         0  flashprg_at25sf128a.o ABSOLUTE
    Sources\ROM\bl_clock_config_MIMXRT1011.c 0x00000000   Number         0  bl_clock_config_mimxrt1011.o ABSOLUTE
    Sources\ROM\bl_flexspi.c                 0x00000000   Number         0  bl_flexspi.o ABSOLUTE
    Sources\ROM\flexspi_nor_flash_MIMXRT1011.c 0x00000000   Number         0  flexspi_nor_flash_mimxrt1011.o ABSOLUTE
    Sources\ROM\hardware_init_MIMXRT1011.c   0x00000000   Number         0  hardware_init_mimxrt1011.o ABSOLUTE
    Sources\\ROM\\bl_clock_config_MIMXRT1011.c 0x00000000   Number         0  bl_clock_config_mimxrt1011.o ABSOLUTE
    Sources\\ROM\\bl_flexspi.c               0x00000000   Number         0  bl_flexspi.o ABSOLUTE
    Sources\\ROM\\flexspi_nor_flash_MIMXRT1011.c 0x00000000   Number         0  flexspi_nor_flash_mimxrt1011.o ABSOLUTE
    Sources\\ROM\\hardware_init_MIMXRT1011.c 0x00000000   Number         0  hardware_init_mimxrt1011.o ABSOLUTE
    Sources\\fsl_clock.c                     0x00000000   Number         0  fsl_clock.o ABSOLUTE
    Sources\\rom\\microseconds_pit.c         0x00000000   Number         0  microseconds_pit.o ABSOLUTE
    Sources\fsl_clock.c                      0x00000000   Number         0  fsl_clock.o ABSOLUTE
    Sources\rom\microseconds_pit.c           0x00000000   Number         0  microseconds_pit.o ABSOLUTE
    dc.s                                     0x00000000   Number         0  dc.o ABSOLUTE
    .rev16_text                              0x00000004   Section        4  bl_clock_config_mimxrt1011.o(.rev16_text)
    $v0                                      0x00000004   Number         0  bl_clock_config_mimxrt1011.o(.rev16_text)
    .rev16_text                              0x00000008   Section        4  bl_flexspi.o(.rev16_text)
    $v0                                      0x00000008   Number         0  bl_flexspi.o(.rev16_text)
    .rev16_text                              0x0000000c   Section        4  flexspi_nor_flash_mimxrt1011.o(.rev16_text)
    $v0                                      0x0000000c   Number         0  flexspi_nor_flash_mimxrt1011.o(.rev16_text)
    .rev16_text                              0x00000010   Section        4  hardware_init_mimxrt1011.o(.rev16_text)
    $v0                                      0x00000010   Number         0  hardware_init_mimxrt1011.o(.rev16_text)
    .rev16_text                              0x00000014   Section        4  microseconds_pit.o(.rev16_text)
    $v0                                      0x00000014   Number         0  microseconds_pit.o(.rev16_text)
    .rev16_text                              0x00000018   Section        4  fsl_clock.o(.rev16_text)
    $v0                                      0x00000018   Number         0  fsl_clock.o(.rev16_text)
    .revsh_text                              0x0000001c   Section        4  flashprg_at25sf128a.o(.revsh_text)
    $v0                                      0x0000001c   Number         0  flashprg_at25sf128a.o(.revsh_text)
    .revsh_text                              0x00000020   Section        4  bl_clock_config_mimxrt1011.o(.revsh_text)
    $v0                                      0x00000020   Number         0  bl_clock_config_mimxrt1011.o(.revsh_text)
    .revsh_text                              0x00000024   Section        4  bl_flexspi.o(.revsh_text)
    $v0                                      0x00000024   Number         0  bl_flexspi.o(.revsh_text)
    .revsh_text                              0x00000028   Section        4  flexspi_nor_flash_mimxrt1011.o(.revsh_text)
    $v0                                      0x00000028   Number         0  flexspi_nor_flash_mimxrt1011.o(.revsh_text)
    .revsh_text                              0x0000002c   Section        4  hardware_init_mimxrt1011.o(.revsh_text)
    $v0                                      0x0000002c   Number         0  hardware_init_mimxrt1011.o(.revsh_text)
    .revsh_text                              0x00000030   Section        4  microseconds_pit.o(.revsh_text)
    $v0                                      0x00000030   Number         0  microseconds_pit.o(.revsh_text)
    .revsh_text                              0x00000034   Section        4  fsl_clock.o(.revsh_text)
    $v0                                      0x00000034   Number         0  fsl_clock.o(.revsh_text)
    .rrx_text                                0x00000038   Section        6  flashprg_at25sf128a.o(.rrx_text)
    $v0                                      0x00000038   Number         0  flashprg_at25sf128a.o(.rrx_text)
    .rrx_text                                0x00000040   Section        6  bl_clock_config_mimxrt1011.o(.rrx_text)
    $v0                                      0x00000040   Number         0  bl_clock_config_mimxrt1011.o(.rrx_text)
    .rrx_text                                0x00000048   Section        6  bl_flexspi.o(.rrx_text)
    $v0                                      0x00000048   Number         0  bl_flexspi.o(.rrx_text)
    .rrx_text                                0x00000050   Section        6  flexspi_nor_flash_mimxrt1011.o(.rrx_text)
    $v0                                      0x00000050   Number         0  flexspi_nor_flash_mimxrt1011.o(.rrx_text)
    .rrx_text                                0x00000058   Section        6  hardware_init_mimxrt1011.o(.rrx_text)
    $v0                                      0x00000058   Number         0  hardware_init_mimxrt1011.o(.rrx_text)
    .rrx_text                                0x00000060   Section        6  microseconds_pit.o(.rrx_text)
    $v0                                      0x00000060   Number         0  microseconds_pit.o(.rrx_text)
    .rrx_text                                0x00000068   Section        6  fsl_clock.o(.rrx_text)
    $v0                                      0x00000068   Number         0  fsl_clock.o(.rrx_text)
    .text                                    0x00000070   Section        0  flashprg_at25sf128a.o(.text)
    .text                                    0x0000025c   Section        0  bl_clock_config_mimxrt1011.o(.text)
    get_periph_clk                           0x00000397   Thumb Code   134  bl_clock_config_mimxrt1011.o(.text)
    .text                                    0x00000580   Section        0  bl_flexspi.o(.text)
    flexspi_swreset                          0x00000581   Thumb Code    22  bl_flexspi.o(.text)
    flexspi_unlock_lut                       0x00000597   Thumb Code    10  bl_flexspi.o(.text)
    flexspi_lock_lut                         0x000005a1   Thumb Code    10  bl_flexspi.o(.text)
    flexspi_get_module_base                  0x00000623   Thumb Code    16  bl_flexspi.o(.text)
    flexspi_clear_ip_txfifo                  0x00000899   Thumb Code    28  bl_flexspi.o(.text)
    flexspi_clear_ip_rxfifo                  0x000008b5   Thumb Code    28  bl_flexspi.o(.text)
    flexspi_wait_until_ip_idle               0x000008d1   Thumb Code    30  bl_flexspi.o(.text)
    flexspi_clear_error_status               0x000008ef   Thumb Code    10  bl_flexspi.o(.text)
    flexspi_extract_parallel_data            0x00000dcf   Thumb Code    66  bl_flexspi.o(.text)
    flexspi_device_workmode_config           0x00000f69   Thumb Code   198  bl_flexspi.o(.text)
    flexspi_device_workmode_config_all_chips 0x0000102f   Thumb Code    74  bl_flexspi.o(.text)
    flexspi_device_cmd_config                0x00001079   Thumb Code   272  bl_flexspi.o(.text)
    flexspi_device_cmd_config_all_chips      0x00001189   Thumb Code    74  bl_flexspi.o(.text)
    .text                                    0x000013b8   Section        0  flexspi_nor_flash_mimxrt1011.o(.text)
    flexspi_nor_exit_no_cmd_mode             0x000013f1   Thumb Code    70  flexspi_nor_flash_mimxrt1011.o(.text)
    flexspi_nor_write_enable                 0x00001437   Thumb Code   154  flexspi_nor_flash_mimxrt1011.o(.text)
    flexspi_nor_restore_no_cmd_mode          0x000014d1   Thumb Code   104  flexspi_nor_flash_mimxrt1011.o(.text)
    flexspi_nor_wait_busy                    0x00001539   Thumb Code   132  flexspi_nor_flash_mimxrt1011.o(.text)
    flexspi_change_serial_clock              0x000015bd   Thumb Code   208  flexspi_nor_flash_mimxrt1011.o(.text)
    flexspi_nor_read_sfdp                    0x00001a23   Thumb Code    72  flexspi_nor_flash_mimxrt1011.o(.text)
    prepare_quad_mode_enable_sequence        0x00001a6b   Thumb Code   438  flexspi_nor_flash_mimxrt1011.o(.text)
    prepare_0_4_4_mode_enable_sequence       0x00001c21   Thumb Code   158  flexspi_nor_flash_mimxrt1011.o(.text)
    probe_dtr_quad_read_dummy_cycles         0x00001cbf   Thumb Code   478  flexspi_nor_flash_mimxrt1011.o(.text)
    parse_sfdp                               0x00002015   Thumb Code  1192  flexspi_nor_flash_mimxrt1011.o(.text)
    flexspi_nor_read_sfdp_info               0x000024bd   Thumb Code   336  flexspi_nor_flash_mimxrt1011.o(.text)
    flexspi_nor_generate_config_block_using_sfdp 0x0000260d   Thumb Code   186  flexspi_nor_flash_mimxrt1011.o(.text)
    flexspi_nor_hyperbus_read                0x000026c7   Thumb Code    60  flexspi_nor_flash_mimxrt1011.o(.text)
    flexspi_nor_hyperbus_write               0x00002703   Thumb Code    58  flexspi_nor_flash_mimxrt1011.o(.text)
    flexspi_nor_generate_config_block_hyperflash 0x0000273d   Thumb Code   826  flexspi_nor_flash_mimxrt1011.o(.text)
    flexspi_nor_generate_config_block_mxic_octalflash 0x00002c25   Thumb Code  1280  flexspi_nor_flash_mimxrt1011.o(.text)
    flexspi_nor_generate_config_block_micron_octalflash 0x00003125   Thumb Code   686  flexspi_nor_flash_mimxrt1011.o(.text)
    .text                                    0x00003620   Section        0  hardware_init_mimxrt1011.o(.text)
    .text                                    0x00003814   Section        0  microseconds_pit.o(.text)
    .text                                    0x000039fc   Section        0  fsl_clock.o(.text)
    CLOCK_GetPeriphClkFreq                   0x00003c53   Thumb Code   152  fsl_clock.o(.text)
    CLOCK_GetOscFreq                         0x00004279   Thumb Code    22  fsl_clock.o(.text)
    .text                                    0x0000429c   Section      238  lludivv7m.o(.text)
    .text                                    0x0000438c   Section        0  assert.o(.text)
    .text                                    0x0000440c   Section        0  memcmp.o(.text)
    .text                                    0x00004464   Section      100  rt_memcpy_w.o(.text)
    .text                                    0x000044c8   Section       78  rt_memclr_w.o(.text)
    .text                                    0x00004516   Section        0  abort.o(.text)
    .text                                    0x0000452c   Section        0  assert_puts.o(.text)
    .text                                    0x00004540   Section        0  sys_wrch.o(.text)
    .text                                    0x00004550   Section        0  sys_exit.o(.text)
    .text                                    0x0000455c   Section        0  defsig_abrt_outer.o(.text)
    .text                                    0x0000456a   Section        2  use_no_semi.o(.text)
    .text                                    0x0000456c   Section        0  defsig_exit.o(.text)
    .text                                    0x0000456c   Section        0  indicate_semi.o(.text)
    .text                                    0x00004578   Section        0  defsig_abrt_inner.o(.text)
    .text                                    0x000045a8   Section        0  defsig_general.o(.text)
    .constdata                               0x000045dc   Section       40  bl_clock_config_mimxrt1011.o(.constdata)
    .constdata                               0x00004604   Section       12  bl_flexspi.o(.constdata)
    g_flexSpiInstances                       0x00004604   Data           4  bl_flexspi.o(.constdata)
    .constdata                               0x00004610   Section      144  flexspi_nor_flash_mimxrt1011.o(.constdata)
    .data                                    0x000046a4   Section      512  flashprg_at25sf128a.o(.data)
    .data                                    0x000048a8   Section       16  microseconds_pit.o(.data)
    .data                                    0x000048b8   Section        8  fsl_clock.o(.data)
    .constdata                               0x000048c0   Section     4256  flashdev_at25sf128a.o(.constdata)

    Global Symbols

    Symbol Name                              Value     Ov Type        Size  Object(Section)

    BuildAttributes$$THM_ISAv4$E$P$D$K$B$S$7EM$VFPv5_D16$PE$PLD8$A:L22UL41UL21$X:L11$S22US41US21$IEEE1$IW$RWPI$~STKCKD$USESV7$~SHL$OSPACE$ROPI$EBA8$STANDARDLIB$REQ8$PRES8$EABIv2 0x00000000   Number         0  anon$$obj.o ABSOLUTE
    __asm___21_FlashPrg_at25sf128a_c_config____REV16 0x00000001   Thumb Code     4  flashprg_at25sf128a.o(.rev16_text)
    __rt_lib_shutdown                         - Undefined Weak Reference
    __sigvec_lookup                           - Undefined Weak Reference
    __asm___28_bl_clock_config_MIMXRT1011_c_2ff5e8d9____REV16 0x00000005   Thumb Code     4  bl_clock_config_mimxrt1011.o(.rev16_text)
    __asm___12_bl_flexspi_c_c729c902____REV16 0x00000009   Thumb Code     4  bl_flexspi.o(.rev16_text)
    __asm___30_flexspi_nor_flash_MIMXRT1011_c_93f2e184____REV16 0x0000000d   Thumb Code     4  flexspi_nor_flash_mimxrt1011.o(.rev16_text)
    __asm___26_hardware_init_MIMXRT1011_c_a6e6f1b7____REV16 0x00000011   Thumb Code     4  hardware_init_mimxrt1011.o(.rev16_text)
    __asm___18_microseconds_pit_c_9c4f8ffb____REV16 0x00000015   Thumb Code     4  microseconds_pit.o(.rev16_text)
    __asm___11_fsl_clock_c_07a918fd____REV16 0x00000019   Thumb Code     4  fsl_clock.o(.rev16_text)
    __asm___21_FlashPrg_at25sf128a_c_config____REVSH 0x0000001d   Thumb Code     4  flashprg_at25sf128a.o(.revsh_text)
    __asm___28_bl_clock_config_MIMXRT1011_c_2ff5e8d9____REVSH 0x00000021   Thumb Code     4  bl_clock_config_mimxrt1011.o(.revsh_text)
    __asm___12_bl_flexspi_c_c729c902____REVSH 0x00000025   Thumb Code     4  bl_flexspi.o(.revsh_text)
    __asm___30_flexspi_nor_flash_MIMXRT1011_c_93f2e184____REVSH 0x00000029   Thumb Code     4  flexspi_nor_flash_mimxrt1011.o(.revsh_text)
    __asm___26_hardware_init_MIMXRT1011_c_a6e6f1b7____REVSH 0x0000002d   Thumb Code     4  hardware_init_mimxrt1011.o(.revsh_text)
    __asm___18_microseconds_pit_c_9c4f8ffb____REVSH 0x00000031   Thumb Code     4  microseconds_pit.o(.revsh_text)
    __asm___11_fsl_clock_c_07a918fd____REVSH 0x00000035   Thumb Code     4  fsl_clock.o(.revsh_text)
    __asm___21_FlashPrg_at25sf128a_c_config____RRX 0x00000039   Thumb Code     6  flashprg_at25sf128a.o(.rrx_text)
    __asm___28_bl_clock_config_MIMXRT1011_c_2ff5e8d9____RRX 0x00000041   Thumb Code     6  bl_clock_config_mimxrt1011.o(.rrx_text)
    __asm___12_bl_flexspi_c_c729c902____RRX  0x00000049   Thumb Code     6  bl_flexspi.o(.rrx_text)
    __asm___30_flexspi_nor_flash_MIMXRT1011_c_93f2e184____RRX 0x00000051   Thumb Code     6  flexspi_nor_flash_mimxrt1011.o(.rrx_text)
    __asm___26_hardware_init_MIMXRT1011_c_a6e6f1b7____RRX 0x00000059   Thumb Code     6  hardware_init_mimxrt1011.o(.rrx_text)
    __asm___18_microseconds_pit_c_9c4f8ffb____RRX 0x00000061   Thumb Code     6  microseconds_pit.o(.rrx_text)
    __asm___11_fsl_clock_c_07a918fd____RRX   0x00000069   Thumb Code     6  fsl_clock.o(.rrx_text)
    disableWatchdog                          0x00000071   Thumb Code   300  flashprg_at25sf128a.o(.text)
    Init                                     0x0000019d   Thumb Code    60  flashprg_at25sf128a.o(.text)
    UnInit                                   0x000001d9   Thumb Code     6  flashprg_at25sf128a.o(.text)
    EraseChip                                0x000001df   Thumb Code    22  flashprg_at25sf128a.o(.text)
    EraseSector                              0x000001f5   Thumb Code    34  flashprg_at25sf128a.o(.text)
    ProgramPage                              0x00000217   Thumb Code    36  flashprg_at25sf128a.o(.text)
    flexspi_clock_gate_enable                0x0000025d   Thumb Code    18  bl_clock_config_mimxrt1011.o(.text)
    flexspi_clock_gate_disable               0x0000026f   Thumb Code    18  bl_clock_config_mimxrt1011.o(.text)
    flexspi_clock_config                     0x00000281   Thumb Code   198  bl_clock_config_mimxrt1011.o(.text)
    flexspi_get_max_supported_freq           0x00000347   Thumb Code    24  bl_clock_config_mimxrt1011.o(.text)
    microseconds_get_clock                   0x0000035f   Thumb Code    36  bl_clock_config_mimxrt1011.o(.text)
    get_bus_clock                            0x00000383   Thumb Code    20  bl_clock_config_mimxrt1011.o(.text)
    get_core_clock                           0x0000041d   Thumb Code    28  bl_clock_config_mimxrt1011.o(.text)
    flexspi_get_clock                        0x00000439   Thumb Code   228  bl_clock_config_mimxrt1011.o(.text)
    flexspi_sw_delay_us                      0x0000051d   Thumb Code    58  bl_clock_config_mimxrt1011.o(.text)
    flexspi_is_parallel_mode                 0x000005ab   Thumb Code    20  bl_flexspi.o(.text)
    flexspi_is_padsetting_override_enable    0x000005bf   Thumb Code    20  bl_flexspi.o(.text)
    flexspi_is_differential_clock_enable     0x000005d3   Thumb Code    20  bl_flexspi.o(.text)
    flexspi_is_word_addressable              0x000005e7   Thumb Code    20  bl_flexspi.o(.text)
    flexspi_is_ck2_enabled                   0x000005fb   Thumb Code    20  bl_flexspi.o(.text)
    flexspi_is_ddr_mode_enable               0x0000060f   Thumb Code    20  bl_flexspi.o(.text)
    flexspi_configure_dll                    0x00000633   Thumb Code   434  bl_flexspi.o(.text)
    flexspi_get_ticks                        0x000007e5   Thumb Code    56  bl_flexspi.o(.text)
    flexspi_config_mcr1                      0x0000081d   Thumb Code   124  bl_flexspi.o(.text)
    flexspi_config_flash_control_registers   0x000008f9   Thumb Code   262  bl_flexspi.o(.text)
    flexspi_config_ahb_buffers               0x000009ff   Thumb Code    96  bl_flexspi.o(.text)
    flexspi_clear_sequence_pointer           0x00000a5f   Thumb Code    54  bl_flexspi.o(.text)
    flexspi_command_xfer                     0x00000a95   Thumb Code   578  bl_flexspi.o(.text)
    flexspi_update_lut                       0x00000cd7   Thumb Code   128  bl_flexspi.o(.text)
    flexspi_device_write_enable              0x00000d57   Thumb Code   120  bl_flexspi.o(.text)
    flexspi_device_wait_busy                 0x00000e11   Thumb Code   344  bl_flexspi.o(.text)
    flexspi_init                             0x000011d3   Thumb Code   356  bl_flexspi.o(.text)
    flexspi_wait_idle                        0x00001337   Thumb Code    38  bl_flexspi.o(.text)
    flexspi_clear_cache                      0x0000135d   Thumb Code    30  bl_flexspi.o(.text)
    flexspi_half_clock_control               0x0000137b   Thumb Code    52  bl_flexspi.o(.text)
    flexspi_nor_flash_init                   0x000013b9   Thumb Code    56  flexspi_nor_flash_mimxrt1011.o(.text)
    flexspi_nor_flash_page_program           0x0000168d   Thumb Code   218  flexspi_nor_flash_mimxrt1011.o(.text)
    flexspi_nor_flash_erase_all              0x00001767   Thumb Code   280  flexspi_nor_flash_mimxrt1011.o(.text)
    flexspi_nor_flash_erase_sector           0x0000187f   Thumb Code   210  flexspi_nor_flash_mimxrt1011.o(.text)
    flexspi_nor_flash_erase_block            0x00001951   Thumb Code   210  flexspi_nor_flash_mimxrt1011.o(.text)
    get_page_sector_block_size_from_sfdp     0x00001e9d   Thumb Code   376  flexspi_nor_flash_mimxrt1011.o(.text)
    flexspi_nor_restore_spi_protocol         0x00002a77   Thumb Code   430  flexspi_nor_flash_mimxrt1011.o(.text)
    flexspi_nor_get_config                   0x000033d3   Thumb Code   226  flexspi_nor_flash_mimxrt1011.o(.text)
    flexspi_nor_flash_erase                  0x000034b5   Thumb Code   194  flexspi_nor_flash_mimxrt1011.o(.text)
    flexspi_nor_flash_read                   0x00003577   Thumb Code   170  flexspi_nor_flash_mimxrt1011.o(.text)
    flexspi_set_failsafe_setting             0x00003621   Thumb Code    56  hardware_init_mimxrt1011.o(.text)
    dummy_byte_callback                      0x00003659   Thumb Code     2  hardware_init_mimxrt1011.o(.text)
    debug_init                               0x0000365b   Thumb Code     2  hardware_init_mimxrt1011.o(.text)
    flexspi_nor_write_persistent             0x0000365d   Thumb Code    10  hardware_init_mimxrt1011.o(.text)
    flexspi_nor_read_persistent              0x00003667   Thumb Code    12  hardware_init_mimxrt1011.o(.text)
    flexspi_iomux_config                     0x00003673   Thumb Code   400  hardware_init_mimxrt1011.o(.text)
    microseconds_init                        0x0000381d   Thumb Code   174  microseconds_pit.o(.text)
    microseconds_shutdown                    0x000038cb   Thumb Code    40  microseconds_pit.o(.text)
    microseconds_get_ticks                   0x000038f3   Thumb Code    36  microseconds_pit.o(.text)
    microseconds_convert_to_microseconds     0x00003917   Thumb Code    16  microseconds_pit.o(.text)
    microseconds_convert_to_ticks            0x00003927   Thumb Code    28  microseconds_pit.o(.text)
    microseconds_delay                       0x00003943   Thumb Code    60  microseconds_pit.o(.text)
    microseconds_set_delay                   0x0000397f   Thumb Code    30  microseconds_pit.o(.text)
    microseconds_timeout                     0x0000399d   Thumb Code    32  microseconds_pit.o(.text)
    CLOCK_GetPllFreq                         0x000039fd   Thumb Code   382  fsl_clock.o(.text)
    CLOCK_GetSysPfdFreq                      0x00003b7b   Thumb Code   108  fsl_clock.o(.text)
    CLOCK_GetUsb1PfdFreq                     0x00003be7   Thumb Code   108  fsl_clock.o(.text)
    CLOCK_InitExternalClk                    0x00003ceb   Thumb Code    80  fsl_clock.o(.text)
    CLOCK_DeinitExternalClk                  0x00003d3b   Thumb Code    12  fsl_clock.o(.text)
    CLOCK_SwitchOsc                          0x00003d47   Thumb Code    22  fsl_clock.o(.text)
    CLOCK_InitRcOsc24M                       0x00003d5d   Thumb Code    16  fsl_clock.o(.text)
    CLOCK_DeinitRcOsc24M                     0x00003d6d   Thumb Code    16  fsl_clock.o(.text)
    CLOCK_GetCoreFreq                        0x00003d7d   Thumb Code    22  fsl_clock.o(.text)
    CLOCK_GetIpgFreq                         0x00003d93   Thumb Code    22  fsl_clock.o(.text)
    CLOCK_GetPerClkFreq                      0x00003da9   Thumb Code    38  fsl_clock.o(.text)
    CLOCK_GetFreq                            0x00003dcf   Thumb Code   276  fsl_clock.o(.text)
    CLOCK_EnableUsbhs0Clock                  0x00003ee3   Thumb Code    76  fsl_clock.o(.text)
    CLOCK_InitUsb1Pll                        0x00003f2f   Thumb Code    82  fsl_clock.o(.text)
    CLOCK_EnableUsbhs0PhyPllClock            0x00003f81   Thumb Code    80  fsl_clock.o(.text)
    CLOCK_DisableUsbhs0PhyPllClock           0x00003fd1   Thumb Code    26  fsl_clock.o(.text)
    CLOCK_InitSysPll                         0x00003feb   Thumb Code   130  fsl_clock.o(.text)
    CLOCK_DeinitSysPll                       0x0000406d   Thumb Code    10  fsl_clock.o(.text)
    CLOCK_DeinitUsb1Pll                      0x00004077   Thumb Code     8  fsl_clock.o(.text)
    CLOCK_InitAudioPll                       0x0000407f   Thumb Code   188  fsl_clock.o(.text)
    CLOCK_DeinitAudioPll                     0x0000413b   Thumb Code    10  fsl_clock.o(.text)
    CLOCK_InitEnetPll                        0x00004145   Thumb Code    96  fsl_clock.o(.text)
    CLOCK_DeinitEnetPll                      0x000041a5   Thumb Code    12  fsl_clock.o(.text)
    CLOCK_InitSysPfd                         0x000041b1   Thumb Code    54  fsl_clock.o(.text)
    CLOCK_DeinitSysPfd                       0x000041e7   Thumb Code    22  fsl_clock.o(.text)
    CLOCK_InitUsb1Pfd                        0x000041fd   Thumb Code    54  fsl_clock.o(.text)
    CLOCK_DeinitUsb1Pfd                      0x00004233   Thumb Code    70  fsl_clock.o(.text)
    __aeabi_uldivmod                         0x0000429d   Thumb Code     0  lludivv7m.o(.text)
    _ll_udiv                                 0x0000429d   Thumb Code   238  lludivv7m.o(.text)
    __aeabi_assert                           0x0000438d   Thumb Code    86  assert.o(.text)
    __assert                                 0x0000438d   Thumb Code     0  assert.o(.text)
    memcmp                                   0x0000440d   Thumb Code    88  memcmp.o(.text)
    __aeabi_memcpy4                          0x00004465   Thumb Code     0  rt_memcpy_w.o(.text)
    __aeabi_memcpy8                          0x00004465   Thumb Code     0  rt_memcpy_w.o(.text)
    __rt_memcpy_w                            0x00004465   Thumb Code   100  rt_memcpy_w.o(.text)
    _memcpy_lastbytes_aligned                0x000044ad   Thumb Code     0  rt_memcpy_w.o(.text)
    __aeabi_memclr4                          0x000044c9   Thumb Code     0  rt_memclr_w.o(.text)
    __aeabi_memclr8                          0x000044c9   Thumb Code     0  rt_memclr_w.o(.text)
    __rt_memclr_w                            0x000044c9   Thumb Code    78  rt_memclr_w.o(.text)
    _memset_w                                0x000044cd   Thumb Code     0  rt_memclr_w.o(.text)
    abort                                    0x00004517   Thumb Code    22  abort.o(.text)
    __assert_puts                            0x0000452d   Thumb Code    20  assert_puts.o(.text)
    _ttywrch                                 0x00004541   Thumb Code    14  sys_wrch.o(.text)
    _sys_exit                                0x00004551   Thumb Code     8  sys_exit.o(.text)
    __rt_SIGABRT                             0x0000455d   Thumb Code    14  defsig_abrt_outer.o(.text)
    __I$use$semihosting                      0x0000456b   Thumb Code     0  use_no_semi.o(.text)
    __use_no_semihosting_swi                 0x0000456b   Thumb Code     2  use_no_semi.o(.text)
    __semihosting_library_function           0x0000456d   Thumb Code     0  indicate_semi.o(.text)
    __sig_exit                               0x0000456d   Thumb Code    10  defsig_exit.o(.text)
    __rt_SIGABRT_inner                       0x00004579   Thumb Code    14  defsig_abrt_inner.o(.text)
    __default_signal_display                 0x000045a9   Thumb Code    50  defsig_general.o(.text)
    config                                   0x000046a4   Data         512  flashprg_at25sf128a.o(.data)
    s_tickPerMicrosecondMul8                 0x000048a8   Data           4  microseconds_pit.o(.data)
    s_timeoutTicks                           0x000048b0   Data           8  microseconds_pit.o(.data)
    g_xtalFreq                               0x000048b8   Data           4  fsl_clock.o(.data)
    g_rtcXtalFreq                            0x000048bc   Data           4  fsl_clock.o(.data)
    FlashDevice                              0x000048c0   Data        4256  flashdev_at25sf128a.o(.constdata)



==============================================================================

Memory Map of the image

  Image entry point : Not specified.

  Load Region PRG (Base: 0x00000000, Size: 0x000048c0, Max: 0xffffffff, PI)

    Execution Region PrgCode (Exec base: 0x00000000, Load base: 0x00000000, Size: 0x000046a0, Max: 0xffffffff, PI)

    Exec Addr    Load Addr    Size         Type   Attr      Idx    E Section Name        Object

    0x00000000   0x00000000   0x00000004   Code   RO            1    .rev16_text         flashprg_at25sf128a.o
    0x00000004   0x00000004   0x00000004   Code   RO          122    .rev16_text         bl_clock_config_mimxrt1011.o
    0x00000008   0x00000008   0x00000004   Code   RO          170    .rev16_text         bl_flexspi.o
    0x0000000c   0x0000000c   0x00000004   Code   RO          203    .rev16_text         flexspi_nor_flash_mimxrt1011.o
    0x00000010   0x00000010   0x00000004   Code   RO          244    .rev16_text         hardware_init_mimxrt1011.o
    0x00000014   0x00000014   0x00000004   Code   RO          278    .rev16_text         microseconds_pit.o
    0x00000018   0x00000018   0x00000004   Code   RO          319    .rev16_text         fsl_clock.o
    0x0000001c   0x0000001c   0x00000004   Code   RO            2    .revsh_text         flashprg_at25sf128a.o
    0x00000020   0x00000020   0x00000004   Code   RO          123    .revsh_text         bl_clock_config_mimxrt1011.o
    0x00000024   0x00000024   0x00000004   Code   RO          171    .revsh_text         bl_flexspi.o
    0x00000028   0x00000028   0x00000004   Code   RO          204    .revsh_text         flexspi_nor_flash_mimxrt1011.o
    0x0000002c   0x0000002c   0x00000004   Code   RO          245    .revsh_text         hardware_init_mimxrt1011.o
    0x00000030   0x00000030   0x00000004   Code   RO          279    .revsh_text         microseconds_pit.o
    0x00000034   0x00000034   0x00000004   Code   RO          320    .revsh_text         fsl_clock.o
    0x00000038   0x00000038   0x00000006   Code   RO            3    .rrx_text           flashprg_at25sf128a.o
    0x0000003e   0x0000003e   0x00000002   PAD
    0x00000040   0x00000040   0x00000006   Code   RO          124    .rrx_text           bl_clock_config_mimxrt1011.o
    0x00000046   0x00000046   0x00000002   PAD
    0x00000048   0x00000048   0x00000006   Code   RO          172    .rrx_text           bl_flexspi.o
    0x0000004e   0x0000004e   0x00000002   PAD
    0x00000050   0x00000050   0x00000006   Code   RO          205    .rrx_text           flexspi_nor_flash_mimxrt1011.o
    0x00000056   0x00000056   0x00000002   PAD
    0x00000058   0x00000058   0x00000006   Code   RO          246    .rrx_text           hardware_init_mimxrt1011.o
    0x0000005e   0x0000005e   0x00000002   PAD
    0x00000060   0x00000060   0x00000006   Code   RO          280    .rrx_text           microseconds_pit.o
    0x00000066   0x00000066   0x00000002   PAD
    0x00000068   0x00000068   0x00000006   Code   RO          321    .rrx_text           fsl_clock.o
    0x0000006e   0x0000006e   0x00000002   PAD
    0x00000070   0x00000070   0x000001ec   Code   RO            4    .text               flashprg_at25sf128a.o
    0x0000025c   0x0000025c   0x00000324   Code   RO          125    .text               bl_clock_config_mimxrt1011.o
    0x00000580   0x00000580   0x00000e38   Code   RO          173    .text               bl_flexspi.o
    0x000013b8   0x000013b8   0x00002268   Code   RO          206    .text               flexspi_nor_flash_mimxrt1011.o
    0x00003620   0x00003620   0x000001f4   Code   RO          247    .text               hardware_init_mimxrt1011.o
    0x00003814   0x00003814   0x000001e8   Code   RO          281    .text               microseconds_pit.o
    0x000039fc   0x000039fc   0x000008a0   Code   RO          322    .text               fsl_clock.o
    0x0000429c   0x0000429c   0x000000ee   Code   RO          370    .text               c_we.l(lludivv7m.o)
    0x0000438a   0x0000438a   0x00000002   PAD
    0x0000438c   0x0000438c   0x00000080   Code   RO          372    .text               c_we.l(assert.o)
    0x0000440c   0x0000440c   0x00000058   Code   RO          374    .text               c_we.l(memcmp.o)
    0x00004464   0x00004464   0x00000064   Code   RO          376    .text               c_we.l(rt_memcpy_w.o)
    0x000044c8   0x000044c8   0x0000004e   Code   RO          378    .text               c_we.l(rt_memclr_w.o)
    0x00004516   0x00004516   0x00000016   Code   RO          384    .text               c_we.l(abort.o)
    0x0000452c   0x0000452c   0x00000014   Code   RO          386    .text               c_we.l(assert_puts.o)
    0x00004540   0x00004540   0x0000000e   Code   RO          388    .text               c_we.l(sys_wrch.o)
    0x0000454e   0x0000454e   0x00000002   PAD
    0x00004550   0x00004550   0x0000000c   Code   RO          390    .text               c_we.l(sys_exit.o)
    0x0000455c   0x0000455c   0x0000000e   Code   RO          394    .text               c_we.l(defsig_abrt_outer.o)
    0x0000456a   0x0000456a   0x00000002   Code   RO          398    .text               c_we.l(use_no_semi.o)
    0x0000456c   0x0000456c   0x00000000   Code   RO          400    .text               c_we.l(indicate_semi.o)
    0x0000456c   0x0000456c   0x0000000a   Code   RO          403    .text               c_we.l(defsig_exit.o)
    0x00004576   0x00004576   0x00000002   PAD
    0x00004578   0x00004578   0x00000030   Code   RO          405    .text               c_we.l(defsig_abrt_inner.o)
    0x000045a8   0x000045a8   0x00000032   Code   RO          413    .text               c_we.l(defsig_general.o)
    0x000045da   0x000045da   0x00000002   PAD
    0x000045dc   0x000045dc   0x00000028   Data   RO          126    .constdata          bl_clock_config_mimxrt1011.o
    0x00004604   0x00004604   0x0000000c   Data   RO          174    .constdata          bl_flexspi.o
    0x00004610   0x00004610   0x00000090   Data   RO          207    .constdata          flexspi_nor_flash_mimxrt1011.o


    Execution Region PrgData (Exec base: 0x000046a0, Load base: 0x000046a0, Size: 0x00000220, Max: 0xffffffff, PI)

    Exec Addr    Load Addr    Size         Type   Attr      Idx    E Section Name        Object

    0x000046a0   0x000046a0   0x00000004   Data   RW          433    PDT$$ptr            anon$$obj.o
    0x000046a4   0x000046a4   0x00000200   Data   RW            5    .data               flashprg_at25sf128a.o
    0x000048a4   0x000048a4   0x00000004   PAD
    0x000048a8   0x000048a8   0x00000010   Data   RW          282    .data               microseconds_pit.o
    0x000048b8   0x000048b8   0x00000008   Data   RW          323    .data               fsl_clock.o



  Load Region DSCR (Base: 0x000048c0, Size: 0x000010a0, Max: 0xffffffff, PI)

    Execution Region DevDscr (Exec base: 0x000048c0, Load base: 0x000048c0, Size: 0x000010a0, Max: 0xffffffff, PI)

    Exec Addr    Load Addr    Size         Type   Attr      Idx    E Section Name        Object

    0x000048c0   0x000048c0   0x000010a0   Data   RO          113    .constdata          flashdev_at25sf128a.o


==============================================================================

Image component sizes


      Code (inc. data)   RO Data    RW Data    ZI Data      Debug   Object Name

       818         42         40          0          0      11845   bl_clock_config_mimxrt1011.o
      3654         42         12          0          0      17968   bl_flexspi.o
         0          0       4256          0          0        634   flashdev_at25sf128a.o
       506         34          0        512          0    1009248   flashprg_at25sf128a.o
      8822        258        144          0          0      33897   flexspi_nor_flash_mimxrt1011.o
      2222        150          0          8          0     966537   fsl_clock.o
       514         18          0          0          0       8424   hardware_init_mimxrt1011.o
       502         64          0         16          0      13399   microseconds_pit.o

    ----------------------------------------------------------------------
     17052        608       4452        544          0    2061952   Object Totals
         0          0          0          4          0          0   (incl. Generated)
        14          0          0          4          0          0   (incl. Padding)

    ----------------------------------------------------------------------

      Code (inc. data)   RO Data    RW Data    ZI Data      Debug   Library Member Name

        22          0          0          0          0         80   abort.o
       128         42          0          0          0         76   assert.o
        20          0          0          0          0         76   assert_puts.o
        48         34          0          0          0         76   defsig_abrt_inner.o
        14          0          0          0          0         80   defsig_abrt_outer.o
        10          0          0          0          0         68   defsig_exit.o
        50          0          0          0          0         88   defsig_general.o
         0          0          0          0          0          0   indicate_semi.o
       238          0          0          0          0         96   lludivv7m.o
        88          0          0          0          0         76   memcmp.o
        78          0          0          0          0         76   rt_memclr_w.o
       100          0          0          0          0         76   rt_memcpy_w.o
        12          4          0          0          0         68   sys_exit.o
        14          0          0          0          0         76   sys_wrch.o
         2          0          0          0          0         64   use_no_semi.o

    ----------------------------------------------------------------------
       832         80          0          0          0       1076   Library Totals
         8          0          0          0          0          0   (incl. Padding)

    ----------------------------------------------------------------------

      Code (inc. data)   RO Data    RW Data    ZI Data      Debug   Library Name

       824         80          0          0          0       1076   c_we.l

    ----------------------------------------------------------------------
       832         80          0          0          0       1076   Library Totals

    ----------------------------------------------------------------------

==============================================================================


      Code (inc. data)   RO Data    RW Data    ZI Data      Debug   

     17884        688       4452        544          0    2058596   Grand Totals
     17884        688       4452        544          0    2058596   ELF Image Totals
     17884        688       4452        544          0          0   ROM Totals

==============================================================================

    Total RO  Size (Code + RO Data)                22336 (  21.81kB)
    Total RW  Size (RW Data + ZI Data)               544 (   0.53kB)
    Total ROM Size (Code + RO Data + RW Data)      22880 (  22.34kB)

==============================================================================

